Microchip MPLAB XC8 Compiler V2.40

Linker command line:

-W-3 --edf=C:\Microchip\xc8\pic\dat\20220703182018_en.msgs -cn \
  -h+dist/default/production\ecos03_base_tar4.X.production.sym \
  --cmf=dist/default/production\ecos03_base_tar4.X.production.cmf -z \
  -Q18F4520 -oC:\Users\joaov\AppData\Local\Temp\xcAs2qo4.4 \
  --defsym=__MPLAB_BUILD=1 --fixupoverflow=error \
  -Mdist/default/production/ecos03_base_tar4.X.production.map \
  --md=C:\Users\joaov\AppData\Local\Temp\xcAs2qo4.dat -E1 -ver=XC8 Compiler \
  --acfsm=1493 -ACODE=00h-07FFFh -ACONST=00h-07FFFh \
  -ASMALLCONST=0600h-06FFhx122 -AMEDIUMCONST=0600h-07FFFh -ACOMRAM=01h-07Fh \
  -AABS1=00h-05FFh -ABIGRAM=01h-05FFh -ARAM=080h-0FFh,0100h-01FFhx5 \
  -ABANK0=080h-0FFh -ABANK1=0100h-01FFh -ABANK2=0200h-02FFh \
  -ABANK3=0300h-03FFh -ABANK4=0400h-04FFh -ABANK5=0500h-05FFh \
  -ASFR=0F80h-0FFFh -ABIGSFR=0F80h-0FFFh -ACONFIG=0300000h-030000Dh \
  -AIDLOC=0200000h-0200007h -AEEDATA=0F00000h-0F000FFh -peeprom_data=EEDATA \
  -preset_vec=00h,intcode=08h,intcodelo,powerup,init -pramtop=0600h \
  -psmallconst=SMALLCONST -pmediumconst=MEDIUMCONST -pconst=CONST \
  -AFARRAM=00h-00h \
  -prdata=COMRAM,nvrram=COMRAM,nvbit=COMRAM,rbss=COMRAM,rbit=COMRAM \
  -pfarbss=FARRAM,fardata=FARRAM,nvFARRAM=FARRAM \
  -pintsave_regs=BIGRAM,bigbss=BIGRAM,bigdata=BIGRAM -pbss=RAM \
  -pidata=CODE,irdata=CODE,ibigdata=CODE,ifardata=CODE -prparam=COMRAM \
  C:\Users\joaov\AppData\Local\Temp\xcAs2qo4.o \
  dist/default/production\ecos03_base_tar4.X.production.o 

Object code version is 3.11

Machine type is 18F4520



                Name                               Link     Load   Length Selector   Space Scale
C:\Users\joaov\AppData\Local\Temp\xcAs2qo4.o
                idloc                            200000   200000        8        0       5
                config                           300000   300000        E        0       4
                init                                  E        E        4        4       0
                reset_vec                             0        0        4        0       0
dist/default/production\ecos03_base_tar4.X.production.o
                intcode                               8        8        6        4       0
                idloc                            200000   200000        8        0       5
                config                           300000   300000        E        0       4
                temp                                 6D       6D        1        1       1
                smallconst                          600      600       12      300       0
                text25                             126C     126C       B0      309       0
                text24                             13C0     13C0       94      309       0
                intcode_body                       170E     170E       52      309       0
                text22                             1760     1760       2A      309       0
                text21                             17A6     17A6       18      309       0
                text20                             178A     178A       1C      309       0
                text19                              CE6      CE6      24E      309       0
                text18                             156A     156A       7E      309       0
                text17                              A98      A98      24E      309       0
                text16                             15E8     15E8       78      309       0
                text15                             17EA     17EA        A      309       0
                text14                             17E0     17E0        A      309       0
                text13                             17D6     17D6        A      309       0
                text12                             10F8     10F8       C4      309       0
                text11                             11BC     11BC       B0      309       0
                text10                             131C     131C       A4      309       0
                text9                              16BA     16BA       54      309       0
                text8                              180E     180E        4      309       0
                text7                              1808     1808        6      309       0
                text6                              17CA     17CA        C      309       0
                text5                              17BE     17BE        C      309       0
                text4                               612      612      486      309       0
                text3                              14E6     14E6       84      309       0
                text2                               F34      F34      1C4      309       0
                text1                              17F4     17F4        8      309       0
                text0                              1454     1454       92      309       0
                cstackCOMRAM                         3E       3E       27        1       1
                cstackBANK0                          80       80       10       80       1
                dataBANK0                            90       90        6       80       1
                dataCOMRAM                           65       65        6        1       1
                bssCOMRAM                             1        1       3D        1       1
                cinit                              1660     1660       5A      309       0
                nvCOMRAM                             6B       6B        2        1       1
                idataBANK0                         1802     1802        6      309       0
                idataCOMRAM                        17FC     17FC        6      309       0

TOTAL           Name                               Link     Load   Length     Space
        CLASS   CODE           
                intcode                               8        8        6         0
                init                                  E        E        4         0
                reset_vec                             0        0        4         0
                text25                             126C     126C       B0         0
                text24                             13C0     13C0       94         0
                intcode_body                       170E     170E       52         0
                text22                             1760     1760       2A         0
                text21                             17A6     17A6       18         0
                text20                             178A     178A       1C         0
                text19                              CE6      CE6      24E         0
                text18                             156A     156A       7E         0
                text17                              A98      A98      24E         0
                text16                             15E8     15E8       78         0
                text15                             17EA     17EA        A         0
                text14                             17E0     17E0        A         0
                text13                             17D6     17D6        A         0
                text12                             10F8     10F8       C4         0
                text11                             11BC     11BC       B0         0
                text10                             131C     131C       A4         0
                text9                              16BA     16BA       54         0
                text8                              180E     180E        4         0
                text7                              1808     1808        6         0
                text6                              17CA     17CA        C         0
                text5                              17BE     17BE        C         0
                text4                               612      612      486         0
                text3                              14E6     14E6       84         0
                text2                               F34      F34      1C4         0
                text1                              17F4     17F4        8         0
                text0                              1454     1454       92         0
                cinit                              1660     1660       5A         0
                idataBANK0                         1802     1802        6         0
                idataCOMRAM                        17FC     17FC        6         0

        CLASS   CONST          

        CLASS   SMALLCONST     
                smallconst                          600      600       12         0

        CLASS   MEDIUMCONST    

        CLASS   COMRAM         
                temp                                 6D       6D        1         1
                cstackCOMRAM                         3E       3E       27         1
                dataCOMRAM                           65       65        6         1
                bssCOMRAM                             1        1       3D         1
                nvCOMRAM                             6B       6B        2         1

        CLASS   ABS1           

        CLASS   BIGRAM         

        CLASS   RAM            

        CLASS   BANK0          
                cstackBANK0                          80       80       10         1
                dataBANK0                            90       90        6         1

        CLASS   BANK1          

        CLASS   BANK2          

        CLASS   BANK3          

        CLASS   BANK4          

        CLASS   BANK5          

        CLASS   SFR            

        CLASS   BIGSFR         

        CLASS   CONFIG         
                config                           300000   300000        E         4

        CLASS   IDLOC          
                idloc                            200000   200000        8         5

        CLASS   EEDATA         

        CLASS   FARRAM         

        CLASS   HEAP           

        CLASS   STACK          



SEGMENTS        Name                           Load    Length   Top    Selector   Space  Class

                reset_vec                      000000  000004  000004         0       0  CODE    
                bssCOMRAM                      000001  00006D  00006E         1       1  COMRAM  
                intcode                        000008  00000A  000012         4       0  CODE    
                cstackBANK0                    000080  000016  000096        80       1  BANK0   
                smallconst                     000600  000012  000612       300       0  SMALLCON
                text4                          000612  001200  001812       309       0  CODE    


UNUSED ADDRESS RANGES

        Name                Unused          Largest block    Delta
        BANK0            000096-0000FF               6A
        BANK1            000100-0001FF              100
        BANK2            000200-0002FF              100
        BANK3            000300-0003FF              100
        BANK4            000400-0004FF              100
        BANK5            000500-0005FF              100
        BIGRAM           00006E-00007F               12
                         000096-0005FF              56A
        BIGSFR           000F80-000FFF               80
        CODE             000004-000007                4
                         000012-0005FF              5EE
                         001812-007FFF             67EE
        COMRAM           00006E-00007F               12
        CONST            000004-000007                4
                         000012-0005FF              5EE
                         001812-007FFF             67EE
        EEDATA           F00000-F000FF              100
        MEDIUMCONST      001812-007FFF             67EE
        RAM              000096-0005FF              100
        SFR              000F80-000FFF               80
        SMALLCONST       001812-007FFF              100

                                  Symbol Table

?___awdiv                cstackCOMRAM 00004D
?___awmod                cstackCOMRAM 000055
?_getLcdDriver2          cstackCOMRAM 00004D
?i2___awmod              cstackCOMRAM 00003E
Delay2ms@i               cstackCOMRAM 00004E
Delay40us@i              cstackCOMRAM 00004D
KernelClock@proc         cstackCOMRAM 000046
_ADCON0                  (abs)        000FC2
_ADCON2                  (abs)        000FC0
_ADRESH                  (abs)        000FC4
_ADRESL                  (abs)        000FC3
_BAUDCON                 (abs)        000FB8
_CCP1CON                 (abs)        000FBD
_CCPR1L                  (abs)        000FBE
_Delay2ms                text20       00178A
_Delay40us               text21       0017A6
_INTCON                  (abs)        000FF2
_ISR                     intcode      000008
_KernelClock             text24       0013C0
_PIR1                    (abs)        000F9E
_PORTA                   (abs)        000F80
_PORTB                   (abs)        000F81
_PORTC                   (abs)        000F82
_PORTD                   (abs)        000F83
_PORTE                   (abs)        000F84
_PR2                     (abs)        000FCB
_RCON                    (abs)        000FD0
_RCREG                   (abs)        000FAE
_RCSTA                   (abs)        000FAB
_SPBRG                   (abs)        000FAF
_SPBRGH                  (abs)        000FB0
_T0CON                   (abs)        000FD5
_T2CON                   (abs)        000FCA
_TMR0H                   (abs)        000FD7
_TMR0L                   (abs)        000FD6
_TRISA                   (abs)        000F92
_TRISB                   (abs)        000F93
_TRISC                   (abs)        000F94
_TRISD                   (abs)        000F95
_TRISE                   (abs)        000F96
_TXREG                   (abs)        000FAD
_TXSTA                   (abs)        000FAC
__HRAM                   (abs)        000000
__Habs1                  abs1         000000
__Hbank0                 bank0        000000
__Hbank1                 bank1        000000
__Hbank2                 bank2        000000
__Hbank3                 bank3        000000
__Hbank4                 bank4        000000
__Hbank5                 bank5        000000
__Hbigbss                bigbss       000000
__Hbigdata               bigdata      000000
__Hbigram                bigram       000000
__Hbigsfr                bigsfr       000000
__Hbss                   bss          000000
__HbssCOMRAM             bssCOMRAM    000000
__Hcinit                 cinit        000000
__Hclrtext               clrtext      000000
__Hcomram                comram       000000
__Hconfig                config       30000E
__Hconst                 const        000000
__HcstackBANK0           cstackBANK0  000000
__HcstackCOMRAM          cstackCOMRAM 000000
__Hdata                  data         000000
__HdataBANK0             dataBANK0    000000
__HdataCOMRAM            dataCOMRAM   000000
__Heeprom_data           eeprom_data  000000
__Hfarbss                farbss       000000
__Hfardata               fardata      000000
__Hheap                  heap         000000
__Hibigdata              ibigdata     000000
__Hidata                 idata        000000
__HidataBANK0            idataBANK0   000000
__HidataCOMRAM           idataCOMRAM  000000
__Hidloc                 idloc        200008
__Hifardata              ifardata     000000
__Hinit                  init         000012
__Hintcode               intcode      00000E
__Hintcode_body          intcode_body 000000
__Hintcodelo             intcodelo    00000E
__Hintentry              intentry     000000
__Hintret                intret       000000
__Hintsave_regs          intsave_regs 000000
__Hirdata                irdata       000000
__Hmediumconst           mediumconst  000000
__HnvCOMRAM              nvCOMRAM     000000
__HnvFARRAM              nvFARRAM     000000
__Hnvbit                 nvbit        000000
__Hnvrram                nvrram       000000
__Hparam                 rparam       000000
__Hpowerup               powerup      00000E
__Hram                   ram          000000
__Hramtop                ramtop       000600
__Hrbit                  rbit         000000
__Hrbss                  rbss         000000
__Hrdata                 rdata        000000
__Hreset_vec             reset_vec    000004
__Hrparam                rparam       000000
__Hsfr                   sfr          000000
__Hsmallconst            smallconst   000612
__Hspace_0               (abs)        001812
__Hspace_1               (abs)        000096
__Hspace_2               (abs)        000000
__Hspace_4               (abs)        60000E
__Hstack                 stack        000000
__Hstruct                struct       000000
__Htemp                  temp         00006E
__Htext                  text         000000
__Htext0                 text0        000000
__Htext1                 text1        000000
__Htext10                text10       000000
__Htext11                text11       000000
__Htext12                text12       000000
__Htext13                text13       000000
__Htext14                text14       000000
__Htext15                text15       000000
__Htext16                text16       000000
__Htext17                text17       000000
__Htext18                text18       000000
__Htext19                text19       000000
__Htext2                 text2        000000
__Htext20                text20       000000
__Htext21                text21       000000
__Htext22                text22       000000
__Htext24                text24       000000
__Htext25                text25       000000
__Htext26                text26       000000
__Htext3                 text3        000000
__Htext4                 text4        000000
__Htext5                 text5        000000
__Htext6                 text6        000000
__Htext7                 text7        000000
__Htext8                 text8        000000
__Htext9                 text9        000000
__LRAM                   (abs)        000001
__Labs1                  abs1         000000
__Lbank0                 bank0        000000
__Lbank1                 bank1        000000
__Lbank2                 bank2        000000
__Lbank3                 bank3        000000
__Lbank4                 bank4        000000
__Lbank5                 bank5        000000
__Lbigbss                bigbss       000000
__Lbigdata               bigdata      000000
__Lbigram                bigram       000000
__Lbigsfr                bigsfr       000000
__Lbss                   bss          000000
__LbssCOMRAM             bssCOMRAM    000000
__Lcinit                 cinit        000000
__Lclrtext               clrtext      000000
__Lcomram                comram       000000
__Lconfig                config       000000
__Lconst                 const        000000
__LcstackBANK0           cstackBANK0  000000
__LcstackCOMRAM          cstackCOMRAM 000000
__Ldata                  data         000000
__LdataBANK0             dataBANK0    000000
__LdataCOMRAM            dataCOMRAM   000000
__Leeprom_data           eeprom_data  000000
__Lfarbss                farbss       000000
__Lfardata               fardata      000000
__Lheap                  heap         000000
__Libigdata              ibigdata     000000
__Lidata                 idata        000000
__LidataBANK0            idataBANK0   000000
__LidataCOMRAM           idataCOMRAM  000000
__Lidloc                 idloc        000000
__Lifardata              ifardata     000000
__Linit                  init         00000E
__Lintcode               intcode      000008
__Lintcode_body          intcode_body 000000
__Lintcodelo             intcodelo    00000E
__Lintentry              intentry     000000
__Lintret                intret       000000
__Lintsave_regs          intsave_regs 000000
__Lirdata                irdata       000000
__Lmediumconst           mediumconst  000000
__LnvCOMRAM              nvCOMRAM     000000
__LnvFARRAM              nvFARRAM     000000
__Lnvbit                 nvbit        000000
__Lnvrram                nvrram       000000
__Lparam                 rparam       000000
__Lpowerup               powerup      00000E
__Lram                   ram          000000
__Lramtop                ramtop       000600
__Lrbit                  rbit         000000
__Lrbss                  rbss         000000
__Lrdata                 rdata        000000
__Lreset_vec             reset_vec    000000
__Lrparam                rparam       000000
__Lsfr                   sfr          000000
__Lsmallconst            smallconst   000600
__Lspace_0               (abs)        000000
__Lspace_1               (abs)        000000
__Lspace_2               (abs)        000000
__Lspace_4               (abs)        000000
__Lstack                 stack        000000
__Lstruct                struct       000000
__Ltemp                  temp         00006D
__Ltext                  text         000000
__Ltext0                 text0        000000
__Ltext1                 text1        000000
__Ltext10                text10       000000
__Ltext11                text11       000000
__Ltext12                text12       000000
__Ltext13                text13       000000
__Ltext14                text14       000000
__Ltext15                text15       000000
__Ltext16                text16       000000
__Ltext17                text17       000000
__Ltext18                text18       000000
__Ltext19                text19       000000
__Ltext2                 text2        000000
__Ltext20                text20       000000
__Ltext21                text21       000000
__Ltext22                text22       000000
__Ltext24                text24       000000
__Ltext25                text25       000000
__Ltext26                text26       000000
__Ltext3                 text3        000000
__Ltext4                 text4        000000
__Ltext5                 text5        000000
__Ltext6                 text6        000000
__Ltext7                 text7        000000
__Ltext8                 text8        000000
__Ltext9                 text9        000000
__S0                     (abs)        001812
__S1                     (abs)        000096
__S4                     (abs)        000000
__S5                     (abs)        000000
___awdiv                 text12       0010F8
___awdiv@counter         cstackCOMRAM 000051
___awdiv@dividend        cstackCOMRAM 00004D
___awdiv@divisor         cstackCOMRAM 00004F
___awdiv@quotient        cstackCOMRAM 000053
___awdiv@sign            cstackCOMRAM 000052
___awmod                 text11       0011BC
___awmod@counter         cstackCOMRAM 000059
___awmod@dividend        cstackCOMRAM 000055
___awmod@divisor         cstackCOMRAM 000057
___awmod@sign            cstackCOMRAM 00005A
___heap_hi               (abs)        000000
___heap_lo               (abs)        000000
___inthi_sp              stack        000000
___intlo_sp              stack        000000
___param_bank            (abs)        000000
___rparam_used           (abs)        000001
___sp                    stack        000000
__accesstop              (abs)        000080
__activetblptr           (abs)        000002
__end_of_Delay2ms        text20       0017A6
__end_of_Delay40us       text21       0017BE
__end_of_ISR             intcode_body 001760
__end_of_KernelClock     text24       001454
__end_of___awdiv         text12       0011BC
__end_of___awmod         text11       00126C
__end_of__initialization cinit        0016AC
__end_of_changePORTD     text7        00180E
__end_of_command         text6        0017D6
__end_of_counter         text3        00156A
__end_of_data            text5        0017CA
__end_of_digitalWrite    text19       000F34
__end_of_getLcdDriver2   text22       00178A
__end_of_initGenerico    text14       0017EA
__end_of_initGenerico2   text15       0017F4
__end_of_inverte         text8        001812
__end_of_kernelAddProc   text10       0013C0
__end_of_kernelInit      text13       0017E0
__end_of_kernelLoop      text2        0010F8
__end_of_lcdCommand      text18       0015E8
__end_of_lcdData         text9        00170E
__end_of_lcdInit         text16       001660
__end_of_main            text0        0014E6
__end_of_pinMode         text17       000CE6
__end_of_timerInit       text1        0017FC
__end_of_updateLCD       text4        000A98
__end_of_valor@ssd$F521  smallconst   000611
__end_ofi2___awmod       text25       00131C
__initialization         cinit        001660
__mediumconst            mediumconst  000000
__pbssCOMRAM             bssCOMRAM    000001
__pcinit                 cinit        001660
__pcstackBANK0           cstackBANK0  000080
__pcstackCOMRAM          cstackCOMRAM 00003E
__pdataBANK0             dataBANK0    000090
__pdataCOMRAM            dataCOMRAM   000065
__pidataBANK0            idataBANK0   001802
__pidataCOMRAM           idataCOMRAM  0017FC
__pintcode               intcode      000008
__pintcode_body          intcode_body 00170E
__pnvCOMRAM              nvCOMRAM     00006B
__psmallconst            smallconst   000600
__ptext0                 text0        001454
__ptext1                 text1        0017F4
__ptext10                text10       00131C
__ptext11                text11       0011BC
__ptext12                text12       0010F8
__ptext13                text13       0017D6
__ptext14                text14       0017E0
__ptext15                text15       0017EA
__ptext16                text16       0015E8
__ptext17                text17       000A98
__ptext18                text18       00156A
__ptext19                text19       000CE6
__ptext2                 text2        000F34
__ptext20                text20       00178A
__ptext21                text21       0017A6
__ptext22                text22       001760
__ptext24                text24       0013C0
__ptext25                text25       00126C
__ptext26                text26       000000
__ptext3                 text3        0014E6
__ptext4                 text4        000612
__ptext5                 text5        0017BE
__ptext6                 text6        0017CA
__ptext7                 text7        001808
__ptext8                 text8        00180E
__ptext9                 text9        0016BA
__ramtop                 ramtop       000600
__smallconst             smallconst   000600
_changePORTD             text7        001808
_command                 text6        0017CA
_count                   bssCOMRAM    000021
_counter                 text3        0014E6
_data                    text5        0017BE
_digitalWrite            text19       000CE6
_display                 bssCOMRAM    000027
_end                     bssCOMRAM    00002A
_getLcdDriver2           text22       001760
_hora                    bssCOMRAM    00001B
_initGenerico            text14       0017E0
_initGenerico2           text15       0017EA
_inverte                 text8        00180E
_kernelAddProc           text10       00131C
_kernelInit              text13       0017D6
_kernelLoop              text2        000F34
_lcd                     nvCOMRAM     00006B
_lcdCommand              text18       00156A
_lcdData                 text9        0016BA
_lcdInit                 text16       0015E8
_main                    text0        001454
_min                     bssCOMRAM    00001D
_my_funcs                bssCOMRAM    00003A
_my_funcs@drv_lcd2$F562  bssCOMRAM    000036
_myself                  bssCOMRAM    000031
_myself@drv_lcd2$F558    bssCOMRAM    00002C
_pinMode                 text17       000A98
_pool                    bssCOMRAM    000001
_seg                     bssCOMRAM    00001F
_start                   bssCOMRAM    00002B
_started                 bssCOMRAM    000028
_timerInit               text1        0017F4
_updateLCD               text4        000612
_v0                      bssCOMRAM    000026
_v1                      bssCOMRAM    000025
_v2                      bssCOMRAM    000024
_v3                      bssCOMRAM    000023
_valor                   bssCOMRAM    000019
_valor@ssd$F521          smallconst   000601
btemp                    temp         00006D
changePORTD@parameters   cstackCOMRAM 00005B
command@cmd              cstackCOMRAM 00005D
command@parameters       cstackCOMRAM 00005B
data@parameters          cstackCOMRAM 00005B
data@valor               cstackCOMRAM 00005D
digitalWrite@pin         cstackCOMRAM 00004D
digitalWrite@value       cstackCOMRAM 00004F
end_of_initialization    cinit        0016AC
i2___awmod               text25       00126C
i2___awmod@counter       cstackCOMRAM 000042
i2___awmod@dividend      cstackCOMRAM 00003E
i2___awmod@divisor       cstackCOMRAM 000040
i2___awmod@sign          cstackCOMRAM 000043
initGenerico2@parameters cstackCOMRAM 000055
initGenerico@parameters  cstackCOMRAM 000055
int$flags                temp         00006D
int_func                 intcode_body 00170E
intlevel0                text         000000
intlevel1                text         000000
intlevel2                text         000000
intlevel3                text         000000
isa$std                  (abs)        000001
isa$xinst                (abs)        000000
kernelAddProc@newProc    cstackCOMRAM 00005B
kernelLoop@next          cstackBANK0  000082
kernelLoop@p             cstackBANK0  000083
kernelLoop@tempProc      cstackBANK0  000080
kpDebounce@tempo         bssCOMRAM    000029
kpDebounce@valorAntigo   bssCOMRAM    000015
kpDebounce@valorNovo     bssCOMRAM    000017
lcdCommand@cmd           cstackCOMRAM 000054
lcdCommand@old_D         cstackCOMRAM 000053
lcdData@old_D            cstackCOMRAM 000054
lcdData@valor            cstackCOMRAM 000053
main@F2424               dataCOMRAM   000065
main@F2427               dataBANK0    000090
main@p1                  cstackBANK0  000084
main@p2                  cstackBANK0  00008A
pinMode@pin              cstackCOMRAM 00004D
pinMode@type             cstackCOMRAM 00004F
stackhi                  (abs)        000000
stacklo                  (abs)        000000
start                    init         00000E
start_initialization     cinit        001660
ttemp5                   temp         00006E
ttemp6                   temp         000071
ttemp7                   temp         000075
wtemp8                   temp         00006E


MODULE INFORMATION

Module		Function		Class		Link	Load	Size
io.c
		_digitalWrite  		CODE           	0CE6	0000	590
		_pinMode       		CODE           	0A98	0000	590

io.c estimated size: 1180

timer.c
		_timerInit     		CODE           	17F4	0000	8

timer.c estimated size: 8

drv_led.c
		_inverte       		CODE           	180E	0000	4
		_changePORTD   		CODE           	1808	0000	6
		_initGenerico  		CODE           	17E0	0000	10

drv_led.c estimated size: 20

C:\Microchip\xc8\pic\sources\c90\common\awmod.c
		___awmod       		CODE           	11BC	0000	176

C:\Microchip\xc8\pic\sources\c90\common\awmod.c estimated size: 176

kernel.c
		_KernelClock   		CODE           	13C0	0000	148
		_kernelAddProc 		CODE           	131C	0000	164
		_kernelInit    		CODE           	17D6	0000	10
		_kernelLoop    		CODE           	0F34	0000	452

kernel.c estimated size: 774

shared
		_valor@ssd$F521		SMALLCONST     	0601	0000	16
		__initialization		CODE           	1660	0000	76
		i2___awmod     		CODE           	126C	0000	176

shared estimated size: 268

lcd.c
		_lcdCommand    		CODE           	156A	0000	126
		_Delay40us     		CODE           	17A6	0000	24
		_lcdInit       		CODE           	15E8	0000	120
		_lcdData       		CODE           	16BA	0000	84
		_Delay2ms      		CODE           	178A	0000	28

lcd.c estimated size: 382

C:\Microchip\xc8\pic\sources\c90\common\awdiv.c
		___awdiv       		CODE           	10F8	0000	196

C:\Microchip\xc8\pic\sources\c90\common\awdiv.c estimated size: 196

drv_lcd2.c
		_getLcdDriver2 		CODE           	1760	0000	42
		_data          		CODE           	17BE	0000	12
		_initGenerico2 		CODE           	17EA	0000	10
		_command       		CODE           	17CA	0000	12

drv_lcd2.c estimated size: 76

main.c
		_counter       		CODE           	14E6	0000	132
		_ISR           		CODE           	0008	0000	88
		_main          		CODE           	1454	0000	146
		_updateLCD     		CODE           	0612	0000	1158

main.c estimated size: 1524

