Microchip MPLAB XC8 Compiler V2.40

Linker command line:

-W-3 \
  --edf=C:\Program Files\Microchip\xc8\v2.40\pic\dat\20220703182018_en.msgs \
  -cn -h+dist/default/production\ecos03_base.X.production.sym \
  --cmf=dist/default/production\ecos03_base.X.production.cmf -z -Q18F4520 \
  -oC:\Users\joaov\AppData\Local\Temp\xcAs3bg.4 --defsym=__MPLAB_BUILD=1 \
  --fixupoverflow=error \
  -Mdist/default/production/ecos03_base.X.production.map \
  --md=C:\Users\joaov\AppData\Local\Temp\xcAs3bg.dat -E1 -ver=XC8 Compiler \
  --acfsm=1493 -ACODE=00h-07FFFh -ACONST=00h-07FFFh \
  -ASMALLCONST=0600h-06FFhx122 -AMEDIUMCONST=0600h-07FFFh -ACOMRAM=01h-07Fh \
  -AABS1=00h-05FFh -ABIGRAM=01h-05FFh -ARAM=080h-0FFh,0100h-01FFhx5 \
  -ABANK0=080h-0FFh -ABANK1=0100h-01FFh -ABANK2=0200h-02FFh \
  -ABANK3=0300h-03FFh -ABANK4=0400h-04FFh -ABANK5=0500h-05FFh \
  -ASFR=0F80h-0FFFh -ABIGSFR=0F80h-0FFFh -ACONFIG=0300000h-030000Dh \
  -AIDLOC=0200000h-0200007h -AEEDATA=0F00000h-0F000FFh -peeprom_data=EEDATA \
  -preset_vec=00h,intcode=08h,intcodelo,powerup,init -pramtop=0600h \
  -psmallconst=SMALLCONST -pmediumconst=MEDIUMCONST -pconst=CONST \
  -AFARRAM=00h-00h \
  -prdata=COMRAM,nvrram=COMRAM,nvbit=COMRAM,rbss=COMRAM,rbit=COMRAM \
  -pfarbss=FARRAM,fardata=FARRAM,nvFARRAM=FARRAM \
  -pintsave_regs=BIGRAM,bigbss=BIGRAM,bigdata=BIGRAM -pbss=RAM \
  -pidata=CODE,irdata=CODE,ibigdata=CODE,ifardata=CODE -prparam=COMRAM \
  C:\Users\joaov\AppData\Local\Temp\xcAs3bg.o \
  dist/default/production\ecos03_base.X.production.o 

Object code version is 3.11

Machine type is 18F4520



                Name                               Link     Load   Length Selector   Space Scale
C:\Users\joaov\AppData\Local\Temp\xcAs3bg.o
                idloc                            200000   200000        8        0       5
                config                           300000   300000        E        0       4
                init                                  E        E        4        4       0
                reset_vec                             0        0        4        0       0
dist/default/production\ecos03_base.X.production.o
                intcode                               8        8        6        4       0
                idloc                            200000   200000        8        0       5
                config                           300000   300000        E        0       4
                temp                                 61       61        1        1       1
                smallconst                          600      600       12      300       0
                text17                             10A4     10A4       B0      309       0
                text16                             11F8     11F8       94      309       0
                intcode_body                       140A     140A       52      309       0
                text14                             146C     146C        A      309       0
                text13                              F30      F30       C4      309       0
                text12                              FF4      FF4       B0      309       0
                text11                             135C     135C       58      309       0
                text10                             1154     1154       A4      309       0
                text9                               ACA      ACA      24E      309       0
                text8                               D18      D18      13C      309       0
                text7                              148E     148E        8      309       0
                text6                              1486     1486        8      309       0
                text5                               E54      E54       DC      309       0
                text4                               612      612      26A      309       0
                text3                               87C      87C      24E      309       0
                text2                              13B4     13B4       56      309       0
                text1                              147E     147E        8      309       0
                text0                              128C     128C       76      309       0
                cstackCOMRAM                         2F       2F       2A        1       1
                cstackBANK0                          80       80       18       80       1
                dataBANK0                            98       98       10       80       1
                dataCOMRAM                           59       59        8        1       1
                bssCOMRAM                             1        1       2E        1       1
                cinit                              1302     1302       5A      309       0
                idataBANK0                         145C     145C       10      309       0
                idataCOMRAM                        1476     1476        8      309       0

TOTAL           Name                               Link     Load   Length     Space
        CLASS   CODE           
                intcode                               8        8        6         0
                init                                  E        E        4         0
                reset_vec                             0        0        4         0
                text17                             10A4     10A4       B0         0
                text16                             11F8     11F8       94         0
                intcode_body                       140A     140A       52         0
                text14                             146C     146C        A         0
                text13                              F30      F30       C4         0
                text12                              FF4      FF4       B0         0
                text11                             135C     135C       58         0
                text10                             1154     1154       A4         0
                text9                               ACA      ACA      24E         0
                text8                               D18      D18      13C         0
                text7                              148E     148E        8         0
                text6                              1486     1486        8         0
                text5                               E54      E54       DC         0
                text4                               612      612      26A         0
                text3                               87C      87C      24E         0
                text2                              13B4     13B4       56         0
                text1                              147E     147E        8         0
                text0                              128C     128C       76         0
                cinit                              1302     1302       5A         0
                idataBANK0                         145C     145C       10         0
                idataCOMRAM                        1476     1476        8         0

        CLASS   CONST          

        CLASS   SMALLCONST     
                smallconst                          600      600       12         0

        CLASS   MEDIUMCONST    

        CLASS   COMRAM         
                temp                                 61       61        1         1
                cstackCOMRAM                         2F       2F       2A         1
                dataCOMRAM                           59       59        8         1
                bssCOMRAM                             1        1       2E         1

        CLASS   ABS1           

        CLASS   BIGRAM         

        CLASS   RAM            

        CLASS   BANK0          
                cstackBANK0                          80       80       18         1
                dataBANK0                            98       98       10         1

        CLASS   BANK1          

        CLASS   BANK2          

        CLASS   BANK3          

        CLASS   BANK4          

        CLASS   BANK5          

        CLASS   SFR            

        CLASS   BIGSFR         

        CLASS   CONFIG         
                config                           300000   300000        E         4

        CLASS   IDLOC          
                idloc                            200000   200000        8         5

        CLASS   EEDATA         

        CLASS   FARRAM         

        CLASS   HEAP           

        CLASS   STACK          



SEGMENTS        Name                           Load    Length   Top    Selector   Space  Class

                reset_vec                      000000  000004  000004         0       0  CODE    
                bssCOMRAM                      000001  000061  000062         1       1  COMRAM  
                intcode                        000008  00000A  000012         4       0  CODE    
                cstackBANK0                    000080  000028  0000A8        80       1  BANK0   
                smallconst                     000600  000012  000612       300       0  SMALLCON
                text4                          000612  000E84  001496       309       0  CODE    


UNUSED ADDRESS RANGES

        Name                Unused          Largest block    Delta
        BANK0            0000A8-0000FF               58
        BANK1            000100-0001FF              100
        BANK2            000200-0002FF              100
        BANK3            000300-0003FF              100
        BANK4            000400-0004FF              100
        BANK5            000500-0005FF              100
        BIGRAM           000062-00007F               1E
                         0000A8-0005FF              558
        BIGSFR           000F80-000FFF               80
        CODE             000004-000007                4
                         000012-0005FF              5EE
                         001496-007FFF             6B6A
        COMRAM           000062-00007F               1E
        CONST            000004-000007                4
                         000012-0005FF              5EE
                         001496-007FFF             6B6A
        EEDATA           F00000-F000FF              100
        MEDIUMCONST      001496-007FFF             6B6A
        RAM              0000A8-0005FF              100
        SFR              000F80-000FFF               80
        SMALLCONST       001496-007FFF              100

                                  Symbol Table

?___awdiv                cstackCOMRAM 00003E
?___awmod                cstackCOMRAM 000046
?i2___awmod              cstackCOMRAM 00002F
KernelClock@proc         cstackCOMRAM 000037
_ADCON0                  (abs)        000FC2
_ADCON2                  (abs)        000FC0
_ADRESH                  (abs)        000FC4
_ADRESL                  (abs)        000FC3
_BAUDCON                 (abs)        000FB8
_CCP1CON                 (abs)        000FBD
_CCPR1L                  (abs)        000FBE
_INTCON                  (abs)        000FF2
_ISR                     intcode      000008
_KernelClock             text16       0011F8
_PIR1                    (abs)        000F9E
_PORTA                   (abs)        000F80
_PORTB                   (abs)        000F81
_PORTC                   (abs)        000F82
_PORTD                   (abs)        000F83
_PORTE                   (abs)        000F84
_PR2                     (abs)        000FCB
_RCON                    (abs)        000FD0
_RCREG                   (abs)        000FAE
_RCSTA                   (abs)        000FAB
_SPBRG                   (abs)        000FAF
_SPBRGH                  (abs)        000FB0
_T0CON                   (abs)        000FD5
_T2CON                   (abs)        000FCA
_TMR0H                   (abs)        000FD7
_TMR0L                   (abs)        000FD6
_TRISA                   (abs)        000F92
_TRISB                   (abs)        000F93
_TRISC                   (abs)        000F94
_TRISD                   (abs)        000F95
_TRISE                   (abs)        000F96
_TXREG                   (abs)        000FAD
_TXSTA                   (abs)        000FAC
__HRAM                   (abs)        000000
__Habs1                  abs1         000000
__Hbank0                 bank0        000000
__Hbank1                 bank1        000000
__Hbank2                 bank2        000000
__Hbank3                 bank3        000000
__Hbank4                 bank4        000000
__Hbank5                 bank5        000000
__Hbigbss                bigbss       000000
__Hbigdata               bigdata      000000
__Hbigram                bigram       000000
__Hbigsfr                bigsfr       000000
__Hbss                   bss          000000
__HbssCOMRAM             bssCOMRAM    000000
__Hcinit                 cinit        000000
__Hclrtext               clrtext      000000
__Hcomram                comram       000000
__Hconfig                config       30000E
__Hconst                 const        000000
__HcstackBANK0           cstackBANK0  000000
__HcstackCOMRAM          cstackCOMRAM 000000
__Hdata                  data         000000
__HdataBANK0             dataBANK0    000000
__HdataCOMRAM            dataCOMRAM   000000
__Heeprom_data           eeprom_data  000000
__Hfarbss                farbss       000000
__Hfardata               fardata      000000
__Hheap                  heap         000000
__Hibigdata              ibigdata     000000
__Hidata                 idata        000000
__HidataBANK0            idataBANK0   000000
__HidataCOMRAM           idataCOMRAM  000000
__Hidloc                 idloc        200008
__Hifardata              ifardata     000000
__Hinit                  init         000012
__Hintcode               intcode      00000E
__Hintcode_body          intcode_body 000000
__Hintcodelo             intcodelo    00000E
__Hintentry              intentry     000000
__Hintret                intret       000000
__Hintsave_regs          intsave_regs 000000
__Hirdata                irdata       000000
__Hmediumconst           mediumconst  000000
__HnvFARRAM              nvFARRAM     000000
__Hnvbit                 nvbit        000000
__Hnvrram                nvrram       000000
__Hparam                 rparam       000000
__Hpowerup               powerup      00000E
__Hram                   ram          000000
__Hramtop                ramtop       000600
__Hrbit                  rbit         000000
__Hrbss                  rbss         000000
__Hrdata                 rdata        000000
__Hreset_vec             reset_vec    000004
__Hrparam                rparam       000000
__Hsfr                   sfr          000000
__Hsmallconst            smallconst   000612
__Hspace_0               (abs)        001496
__Hspace_1               (abs)        0000A8
__Hspace_2               (abs)        000000
__Hspace_4               (abs)        60000E
__Hstack                 stack        000000
__Hstruct                struct       000000
__Htemp                  temp         000062
__Htext                  text         000000
__Htext0                 text0        000000
__Htext1                 text1        000000
__Htext10                text10       000000
__Htext11                text11       000000
__Htext12                text12       000000
__Htext13                text13       000000
__Htext14                text14       000000
__Htext16                text16       000000
__Htext17                text17       000000
__Htext18                text18       000000
__Htext2                 text2        000000
__Htext3                 text3        000000
__Htext4                 text4        000000
__Htext5                 text5        000000
__Htext6                 text6        000000
__Htext7                 text7        000000
__Htext8                 text8        000000
__Htext9                 text9        000000
__LRAM                   (abs)        000001
__Labs1                  abs1         000000
__Lbank0                 bank0        000000
__Lbank1                 bank1        000000
__Lbank2                 bank2        000000
__Lbank3                 bank3        000000
__Lbank4                 bank4        000000
__Lbank5                 bank5        000000
__Lbigbss                bigbss       000000
__Lbigdata               bigdata      000000
__Lbigram                bigram       000000
__Lbigsfr                bigsfr       000000
__Lbss                   bss          000000
__LbssCOMRAM             bssCOMRAM    000000
__Lcinit                 cinit        000000
__Lclrtext               clrtext      000000
__Lcomram                comram       000000
__Lconfig                config       000000
__Lconst                 const        000000
__LcstackBANK0           cstackBANK0  000000
__LcstackCOMRAM          cstackCOMRAM 000000
__Ldata                  data         000000
__LdataBANK0             dataBANK0    000000
__LdataCOMRAM            dataCOMRAM   000000
__Leeprom_data           eeprom_data  000000
__Lfarbss                farbss       000000
__Lfardata               fardata      000000
__Lheap                  heap         000000
__Libigdata              ibigdata     000000
__Lidata                 idata        000000
__LidataBANK0            idataBANK0   000000
__LidataCOMRAM           idataCOMRAM  000000
__Lidloc                 idloc        000000
__Lifardata              ifardata     000000
__Linit                  init         00000E
__Lintcode               intcode      000008
__Lintcode_body          intcode_body 000000
__Lintcodelo             intcodelo    00000E
__Lintentry              intentry     000000
__Lintret                intret       000000
__Lintsave_regs          intsave_regs 000000
__Lirdata                irdata       000000
__Lmediumconst           mediumconst  000000
__LnvFARRAM              nvFARRAM     000000
__Lnvbit                 nvbit        000000
__Lnvrram                nvrram       000000
__Lparam                 rparam       000000
__Lpowerup               powerup      00000E
__Lram                   ram          000000
__Lramtop                ramtop       000600
__Lrbit                  rbit         000000
__Lrbss                  rbss         000000
__Lrdata                 rdata        000000
__Lreset_vec             reset_vec    000000
__Lrparam                rparam       000000
__Lsfr                   sfr          000000
__Lsmallconst            smallconst   000600
__Lspace_0               (abs)        000000
__Lspace_1               (abs)        000000
__Lspace_2               (abs)        000000
__Lspace_4               (abs)        000000
__Lstack                 stack        000000
__Lstruct                struct       000000
__Ltemp                  temp         000061
__Ltext                  text         000000
__Ltext0                 text0        000000
__Ltext1                 text1        000000
__Ltext10                text10       000000
__Ltext11                text11       000000
__Ltext12                text12       000000
__Ltext13                text13       000000
__Ltext14                text14       000000
__Ltext16                text16       000000
__Ltext17                text17       000000
__Ltext18                text18       000000
__Ltext2                 text2        000000
__Ltext3                 text3        000000
__Ltext4                 text4        000000
__Ltext5                 text5        000000
__Ltext6                 text6        000000
__Ltext7                 text7        000000
__Ltext8                 text8        000000
__Ltext9                 text9        000000
__S0                     (abs)        001496
__S1                     (abs)        0000A8
__S4                     (abs)        000000
__S5                     (abs)        000000
___awdiv                 text13       000F30
___awdiv@counter         cstackCOMRAM 000042
___awdiv@dividend        cstackCOMRAM 00003E
___awdiv@divisor         cstackCOMRAM 000040
___awdiv@quotient        cstackCOMRAM 000044
___awdiv@sign            cstackCOMRAM 000043
___awmod                 text12       000FF4
___awmod@counter         cstackCOMRAM 00004A
___awmod@dividend        cstackCOMRAM 000046
___awmod@divisor         cstackCOMRAM 000048
___awmod@sign            cstackCOMRAM 00004B
___heap_hi               (abs)        000000
___heap_lo               (abs)        000000
___inthi_sp              stack        000000
___intlo_sp              stack        000000
___param_bank            (abs)        000000
___rparam_used           (abs)        000001
___sp                    stack        000000
__accesstop              (abs)        000080
__activetblptr           (abs)        000002
__end_of_ISR             intcode_body 00145C
__end_of_KernelClock     text16       00128C
__end_of___awdiv         text13       000FF4
__end_of___awmod         text12       0010A4
__end_of__initialization cinit        00134E
__end_of_countTime       text5        000F30
__end_of_digitalWrite    text9        000D18
__end_of_initPORTAD      text6        00148E
__end_of_kernelAddProc   text10       0011F8
__end_of_kernelInit      text14       001476
__end_of_kernelLoop      text4        00087C
__end_of_main            text0        001302
__end_of_pinMode         text3        000ACA
__end_of_ssdDigit        text11       0013B4
__end_of_ssdInit         text2        00140A
__end_of_ssdUpdate       text8        000E54
__end_of_timerInit       text1        001486
__end_of_updateSSD       text7        001496
__end_of_valor@ssd$F527  smallconst   000611
__end_ofi2___awmod       text17       001154
__initialization         cinit        001302
__mediumconst            mediumconst  000000
__pbssCOMRAM             bssCOMRAM    000001
__pcinit                 cinit        001302
__pcstackBANK0           cstackBANK0  000080
__pcstackCOMRAM          cstackCOMRAM 00002F
__pdataBANK0             dataBANK0    000098
__pdataCOMRAM            dataCOMRAM   000059
__pidataBANK0            idataBANK0   00145C
__pidataCOMRAM           idataCOMRAM  001476
__pintcode               intcode      000008
__pintcode_body          intcode_body 00140A
__psmallconst            smallconst   000600
__ptext0                 text0        00128C
__ptext1                 text1        00147E
__ptext10                text10       001154
__ptext11                text11       00135C
__ptext12                text12       000FF4
__ptext13                text13       000F30
__ptext14                text14       00146C
__ptext16                text16       0011F8
__ptext17                text17       0010A4
__ptext18                text18       000000
__ptext2                 text2        0013B4
__ptext3                 text3        00087C
__ptext4                 text4        000612
__ptext5                 text5        000E54
__ptext6                 text6        001486
__ptext7                 text7        00148E
__ptext8                 text8        000D18
__ptext9                 text9        000ACA
__ramtop                 ramtop       000600
__smallconst             smallconst   000600
_changePORTD             (abs)        000000
_countTime               text5        000E54
_digitalWrite            text9        000ACA
_display                 bssCOMRAM    000021
_end                     bssCOMRAM    000024
_initGenerico            (abs)        000000
_initPORTAD              text6        001486
_inverte                 (abs)        000000
_kernelAddProc           text10       001154
_kernelInit              text14       00146C
_kernelLoop              text4        000612
_main                    text0        00128C
_my_funcs                bssCOMRAM    00002B
_myself                  bssCOMRAM    000026
_pinMode                 text3        00087C
_pool                    bssCOMRAM    000001
_ssdDigit                text11       00135C
_ssdInit                 text2        0013B4
_ssdUpdate               text8        000D18
_start                   bssCOMRAM    000025
_started                 bssCOMRAM    000022
_timerInit               text1        00147E
_updateSSD               text7        00148E
_v0                      bssCOMRAM    000020
_v1                      bssCOMRAM    00001F
_v2                      bssCOMRAM    00001E
_v3                      bssCOMRAM    00001D
_valor                   bssCOMRAM    00001B
_valor@keypad$F305       bssCOMRAM    000019
_valor@ssd$F527          smallconst   000601
btemp                    temp         000061
countTime@dig            cstackCOMRAM 00004C
digitalWrite@pin         cstackCOMRAM 00003E
digitalWrite@value       cstackCOMRAM 000040
end_of_initialization    cinit        00134E
i2___awmod               text17       0010A4
i2___awmod@counter       cstackCOMRAM 000033
i2___awmod@dividend      cstackCOMRAM 00002F
i2___awmod@divisor       cstackCOMRAM 000031
i2___awmod@sign          cstackCOMRAM 000034
int$flags                temp         000061
int_func                 intcode_body 00140A
intlevel0                text         000000
intlevel1                text         000000
intlevel2                text         000000
intlevel3                text         000000
isa$std                  (abs)        000001
isa$xinst                (abs)        000000
kernelAddProc@newProc    cstackCOMRAM 00004C
kernelLoop@next          cstackCOMRAM 000057
kernelLoop@p             cstackCOMRAM 000058
kernelLoop@tempProc      cstackCOMRAM 000055
kpDebounce@tempo         bssCOMRAM    000023
kpDebounce@valorAntigo   bssCOMRAM    000015
kpDebounce@valorNovo     bssCOMRAM    000017
main@F2405               dataCOMRAM   000059
main@F2408               dataBANK0    0000A0
main@F2411               dataBANK0    000098
main@SSDUpdate_proc      cstackBANK0  000088
main@countTime_proc      cstackBANK0  000090
main@init_PD             cstackBANK0  000080
pinMode@pin              cstackCOMRAM 00003E
pinMode@type             cstackCOMRAM 000040
ssdDigit@pos             cstackCOMRAM 00003E
ssdDigit@val             cstackCOMRAM 00003F
stackhi                  (abs)        000000
stacklo                  (abs)        000000
start                    init         00000E
start_initialization     cinit        001302
ttemp5                   temp         000062
ttemp6                   temp         000065
ttemp7                   temp         000069
wtemp8                   temp         000062


MODULE INFORMATION

Module		Function		Class		Link	Load	Size
ssd.c
		_ssdInit       		CODE           	13B4	0000	86
		_ssdDigit      		CODE           	135C	0000	88
		_ssdUpdate     		CODE           	0D18	0000	316

ssd.c estimated size: 490

C:\Program Files\Microchip\xc8\v2.40\pic\sources\c90\common\awdiv.c
		___awdiv       		CODE           	0F30	0000	196

C:\Program Files\Microchip\xc8\v2.40\pic\sources\c90\common\awdiv.c estimated size: 196

io.c
		_digitalWrite  		CODE           	0ACA	0000	590
		_pinMode       		CODE           	087C	0000	590

io.c estimated size: 1180

timer.c
		_timerInit     		CODE           	147E	0000	8

timer.c estimated size: 8

kernel.c
		_KernelClock   		CODE           	11F8	0000	148
		_kernelAddProc 		CODE           	1154	0000	164
		_kernelInit    		CODE           	146C	0000	10
		_kernelLoop    		CODE           	0612	0000	618

kernel.c estimated size: 940

shared
		__initialization		CODE           	1302	0000	76
		_valor@ssd$F527		SMALLCONST     	0601	0000	16
		i2___awmod     		CODE           	10A4	0000	176

shared estimated size: 268

C:\Program Files\Microchip\xc8\v2.40\pic\sources\c90\common\awmod.c
		___awmod       		CODE           	0FF4	0000	176

C:\Program Files\Microchip\xc8\v2.40\pic\sources\c90\common\awmod.c estimated size: 176

main.c
		_countTime     		CODE           	0E54	0000	220
		_ISR           		CODE           	0008	0000	88
		_updateSSD     		CODE           	148E	0000	8
		_main          		CODE           	128C	0000	118
		_initPORTAD    		CODE           	1486	0000	8

main.c estimated size: 442

