Microchip MPLAB XC8 Compiler V2.40

Linker command line:

-W-3 \
  --edf=C:\Program Files\Microchip\xc8\v2.40\pic\dat\20220703182018_en.msgs \
  -cn -h+dist/default/production\ecos03_base.X.production.sym \
  --cmf=dist/default/production\ecos03_base.X.production.cmf -z -Q18F4520 \
  -oC:\Users\joaov\AppData\Local\Temp\xcAsg30.4 --defsym=__MPLAB_BUILD=1 \
  --fixupoverflow=error \
  -Mdist/default/production/ecos03_base.X.production.map \
  --md=C:\Users\joaov\AppData\Local\Temp\xcAsg30.dat -E1 -ver=XC8 Compiler \
  --acfsm=1493 -ACODE=00h-07FFFh -ACONST=00h-07FFFh \
  -ASMALLCONST=0600h-06FFhx122 -AMEDIUMCONST=0600h-07FFFh -ACOMRAM=01h-07Fh \
  -AABS1=00h-05FFh -ABIGRAM=01h-05FFh -ARAM=080h-0FFh,0100h-01FFhx5 \
  -ABANK0=080h-0FFh -ABANK1=0100h-01FFh -ABANK2=0200h-02FFh \
  -ABANK3=0300h-03FFh -ABANK4=0400h-04FFh -ABANK5=0500h-05FFh \
  -ASFR=0F80h-0FFFh -ABIGSFR=0F80h-0FFFh -ACONFIG=0300000h-030000Dh \
  -AIDLOC=0200000h-0200007h -AEEDATA=0F00000h-0F000FFh -peeprom_data=EEDATA \
  -preset_vec=00h,intcode=08h,intcodelo,powerup,init -pramtop=0600h \
  -psmallconst=SMALLCONST -pmediumconst=MEDIUMCONST -pconst=CONST \
  -AFARRAM=00h-00h \
  -prdata=COMRAM,nvrram=COMRAM,nvbit=COMRAM,rbss=COMRAM,rbit=COMRAM \
  -pfarbss=FARRAM,fardata=FARRAM,nvFARRAM=FARRAM \
  -pintsave_regs=BIGRAM,bigbss=BIGRAM,bigdata=BIGRAM -pbss=RAM \
  -pidata=CODE,irdata=CODE,ibigdata=CODE,ifardata=CODE -prparam=COMRAM \
  C:\Users\joaov\AppData\Local\Temp\xcAsg30.o \
  dist/default/production\ecos03_base.X.production.o 

Object code version is 3.11

Machine type is 18F4520



                Name                               Link     Load   Length Selector   Space Scale
C:\Users\joaov\AppData\Local\Temp\xcAsg30.o
                idloc                            200000   200000        8        0       5
                config                           300000   300000        E        0       4
                init                                  E        E        4        4       0
                reset_vec                             0        0        4        0       0
dist/default/production\ecos03_base.X.production.o
                intcode                               8        8        6        4       0
                idloc                            200000   200000        8        0       5
                config                           300000   300000        E        0       4
                temp                                 5F       5F        1        1       1
                smallconst                          600      600       12      300       0
                text19                             10AC     10AC       B0      309       0
                text18                             1200     1200       94      309       0
                intcode_body                       139C     139C       52      309       0
                text16                             1406     1406        A      309       0
                text15                              E86      E86       C4      309       0
                text14                              FFC      FFC       B0      309       0
                text13                             12EE     12EE       58      309       0
                text12                             115C     115C       A4      309       0
                text11                              860      860      24E      309       0
                text10                              C6E      C6E      13C      309       0
                text9                              1430     1430        8      309       0
                text8                              1428     1428        8      309       0
                text7                              1420     1420        8      309       0
                text6                              1418     1418        8      309       0
                text5                               DAA      DAA       DC      309       0
                text4                               AAE      AAE      1C0      309       0
                text3                               612      612      24E      309       0
                text2                              1346     1346       56      309       0
                text1                              1410     1410        8      309       0
                text0                               F4A      F4A       B2      309       0
                cstackCOMRAM                         2F       2F       2A        1       1
                cstackBANK0                          80       80       1E       80       1
                dataBANK0                            9E       9E       18       80       1
                dataCOMRAM                           59       59        6        1       1
                bssCOMRAM                             1        1       2E        1       1
                cinit                              1294     1294       5A      309       0
                idataBANK0                         13EE     13EE       18      309       0
                idataCOMRAM                        1438     1438        6      309       0

TOTAL           Name                               Link     Load   Length     Space
        CLASS   CODE           
                intcode                               8        8        6         0
                init                                  E        E        4         0
                reset_vec                             0        0        4         0
                text19                             10AC     10AC       B0         0
                text18                             1200     1200       94         0
                intcode_body                       139C     139C       52         0
                text16                             1406     1406        A         0
                text15                              E86      E86       C4         0
                text14                              FFC      FFC       B0         0
                text13                             12EE     12EE       58         0
                text12                             115C     115C       A4         0
                text11                              860      860      24E         0
                text10                              C6E      C6E      13C         0
                text9                              1430     1430        8         0
                text8                              1428     1428        8         0
                text7                              1420     1420        8         0
                text6                              1418     1418        8         0
                text5                               DAA      DAA       DC         0
                text4                               AAE      AAE      1C0         0
                text3                               612      612      24E         0
                text2                              1346     1346       56         0
                text1                              1410     1410        8         0
                text0                               F4A      F4A       B2         0
                cinit                              1294     1294       5A         0
                idataBANK0                         13EE     13EE       18         0
                idataCOMRAM                        1438     1438        6         0

        CLASS   CONST          

        CLASS   SMALLCONST     
                smallconst                          600      600       12         0

        CLASS   MEDIUMCONST    

        CLASS   COMRAM         
                temp                                 5F       5F        1         1
                cstackCOMRAM                         2F       2F       2A         1
                dataCOMRAM                           59       59        6         1
                bssCOMRAM                             1        1       2E         1

        CLASS   ABS1           

        CLASS   BIGRAM         

        CLASS   RAM            

        CLASS   BANK0          
                cstackBANK0                          80       80       1E         1
                dataBANK0                            9E       9E       18         1

        CLASS   BANK1          

        CLASS   BANK2          

        CLASS   BANK3          

        CLASS   BANK4          

        CLASS   BANK5          

        CLASS   SFR            

        CLASS   BIGSFR         

        CLASS   CONFIG         
                config                           300000   300000        E         4

        CLASS   IDLOC          
                idloc                            200000   200000        8         5

        CLASS   EEDATA         

        CLASS   FARRAM         

        CLASS   HEAP           

        CLASS   STACK          



SEGMENTS        Name                           Load    Length   Top    Selector   Space  Class

                reset_vec                      000000  000004  000004         0       0  CODE    
                bssCOMRAM                      000001  00005F  000060         1       1  COMRAM  
                intcode                        000008  00000A  000012         4       0  CODE    
                cstackBANK0                    000080  000036  0000B6        80       1  BANK0   
                smallconst                     000600  000012  000612       300       0  SMALLCON
                text3                          000612  000E2C  00143E       309       0  CODE    


UNUSED ADDRESS RANGES

        Name                Unused          Largest block    Delta
        BANK0            0000B6-0000FF               4A
        BANK1            000100-0001FF              100
        BANK2            000200-0002FF              100
        BANK3            000300-0003FF              100
        BANK4            000400-0004FF              100
        BANK5            000500-0005FF              100
        BIGRAM           000060-00007F               20
                         0000B6-0005FF              54A
        BIGSFR           000F80-000FFF               80
        CODE             000004-000007                4
                         000012-0005FF              5EE
                         00143E-007FFF             6BC2
        COMRAM           000060-00007F               20
        CONST            000004-000007                4
                         000012-0005FF              5EE
                         00143E-007FFF             6BC2
        EEDATA           F00000-F000FF              100
        MEDIUMCONST      00143E-007FFF             6BC2
        RAM              0000B6-0005FF              100
        SFR              000F80-000FFF               80
        SMALLCONST       00143E-007FFF              100

                                  Symbol Table

?___awdiv                cstackCOMRAM 00003E
?___awmod                cstackCOMRAM 000046
?i2___awmod              cstackCOMRAM 00002F
KernelClock@proc         cstackCOMRAM 000037
_ADCON0                  (abs)        000FC2
_ADCON2                  (abs)        000FC0
_ADRESH                  (abs)        000FC4
_ADRESL                  (abs)        000FC3
_BAUDCON                 (abs)        000FB8
_CCP1CON                 (abs)        000FBD
_CCPR1L                  (abs)        000FBE
_INTCON                  (abs)        000FF2
_ISR                     intcode      000008
_KernelClock             text18       001200
_PIR1                    (abs)        000F9E
_PORTA                   (abs)        000F80
_PORTB                   (abs)        000F81
_PORTC                   (abs)        000F82
_PORTD                   (abs)        000F83
_PORTE                   (abs)        000F84
_PR2                     (abs)        000FCB
_RCON                    (abs)        000FD0
_RCREG                   (abs)        000FAE
_RCSTA                   (abs)        000FAB
_SPBRG                   (abs)        000FAF
_SPBRGH                  (abs)        000FB0
_T0CON                   (abs)        000FD5
_T2CON                   (abs)        000FCA
_TMR0H                   (abs)        000FD7
_TMR0L                   (abs)        000FD6
_TRISA                   (abs)        000F92
_TRISB                   (abs)        000F93
_TRISC                   (abs)        000F94
_TRISD                   (abs)        000F95
_TRISE                   (abs)        000F96
_TXREG                   (abs)        000FAD
_TXSTA                   (abs)        000FAC
__HRAM                   (abs)        000000
__Habs1                  abs1         000000
__Hbank0                 bank0        000000
__Hbank1                 bank1        000000
__Hbank2                 bank2        000000
__Hbank3                 bank3        000000
__Hbank4                 bank4        000000
__Hbank5                 bank5        000000
__Hbigbss                bigbss       000000
__Hbigdata               bigdata      000000
__Hbigram                bigram       000000
__Hbigsfr                bigsfr       000000
__Hbss                   bss          000000
__HbssCOMRAM             bssCOMRAM    000000
__Hcinit                 cinit        000000
__Hclrtext               clrtext      000000
__Hcomram                comram       000000
__Hconfig                config       30000E
__Hconst                 const        000000
__HcstackBANK0           cstackBANK0  000000
__HcstackCOMRAM          cstackCOMRAM 000000
__Hdata                  data         000000
__HdataBANK0             dataBANK0    000000
__HdataCOMRAM            dataCOMRAM   000000
__Heeprom_data           eeprom_data  000000
__Hfarbss                farbss       000000
__Hfardata               fardata      000000
__Hheap                  heap         000000
__Hibigdata              ibigdata     000000
__Hidata                 idata        000000
__HidataBANK0            idataBANK0   000000
__HidataCOMRAM           idataCOMRAM  000000
__Hidloc                 idloc        200008
__Hifardata              ifardata     000000
__Hinit                  init         000012
__Hintcode               intcode      00000E
__Hintcode_body          intcode_body 000000
__Hintcodelo             intcodelo    00000E
__Hintentry              intentry     000000
__Hintret                intret       000000
__Hintsave_regs          intsave_regs 000000
__Hirdata                irdata       000000
__Hmediumconst           mediumconst  000000
__HnvFARRAM              nvFARRAM     000000
__Hnvbit                 nvbit        000000
__Hnvrram                nvrram       000000
__Hparam                 rparam       000000
__Hpowerup               powerup      00000E
__Hram                   ram          000000
__Hramtop                ramtop       000600
__Hrbit                  rbit         000000
__Hrbss                  rbss         000000
__Hrdata                 rdata        000000
__Hreset_vec             reset_vec    000004
__Hrparam                rparam       000000
__Hsfr                   sfr          000000
__Hsmallconst            smallconst   000612
__Hspace_0               (abs)        00143E
__Hspace_1               (abs)        0000B6
__Hspace_2               (abs)        000000
__Hspace_4               (abs)        60000E
__Hstack                 stack        000000
__Hstruct                struct       000000
__Htemp                  temp         000060
__Htext                  text         000000
__Htext0                 text0        000000
__Htext1                 text1        000000
__Htext10                text10       000000
__Htext11                text11       000000
__Htext12                text12       000000
__Htext13                text13       000000
__Htext14                text14       000000
__Htext15                text15       000000
__Htext16                text16       000000
__Htext18                text18       000000
__Htext19                text19       000000
__Htext2                 text2        000000
__Htext20                text20       000000
__Htext3                 text3        000000
__Htext4                 text4        000000
__Htext5                 text5        000000
__Htext6                 text6        000000
__Htext7                 text7        000000
__Htext8                 text8        000000
__Htext9                 text9        000000
__LRAM                   (abs)        000001
__Labs1                  abs1         000000
__Lbank0                 bank0        000000
__Lbank1                 bank1        000000
__Lbank2                 bank2        000000
__Lbank3                 bank3        000000
__Lbank4                 bank4        000000
__Lbank5                 bank5        000000
__Lbigbss                bigbss       000000
__Lbigdata               bigdata      000000
__Lbigram                bigram       000000
__Lbigsfr                bigsfr       000000
__Lbss                   bss          000000
__LbssCOMRAM             bssCOMRAM    000000
__Lcinit                 cinit        000000
__Lclrtext               clrtext      000000
__Lcomram                comram       000000
__Lconfig                config       000000
__Lconst                 const        000000
__LcstackBANK0           cstackBANK0  000000
__LcstackCOMRAM          cstackCOMRAM 000000
__Ldata                  data         000000
__LdataBANK0             dataBANK0    000000
__LdataCOMRAM            dataCOMRAM   000000
__Leeprom_data           eeprom_data  000000
__Lfarbss                farbss       000000
__Lfardata               fardata      000000
__Lheap                  heap         000000
__Libigdata              ibigdata     000000
__Lidata                 idata        000000
__LidataBANK0            idataBANK0   000000
__LidataCOMRAM           idataCOMRAM  000000
__Lidloc                 idloc        000000
__Lifardata              ifardata     000000
__Linit                  init         00000E
__Lintcode               intcode      000008
__Lintcode_body          intcode_body 000000
__Lintcodelo             intcodelo    00000E
__Lintentry              intentry     000000
__Lintret                intret       000000
__Lintsave_regs          intsave_regs 000000
__Lirdata                irdata       000000
__Lmediumconst           mediumconst  000000
__LnvFARRAM              nvFARRAM     000000
__Lnvbit                 nvbit        000000
__Lnvrram                nvrram       000000
__Lparam                 rparam       000000
__Lpowerup               powerup      00000E
__Lram                   ram          000000
__Lramtop                ramtop       000600
__Lrbit                  rbit         000000
__Lrbss                  rbss         000000
__Lrdata                 rdata        000000
__Lreset_vec             reset_vec    000000
__Lrparam                rparam       000000
__Lsfr                   sfr          000000
__Lsmallconst            smallconst   000600
__Lspace_0               (abs)        000000
__Lspace_1               (abs)        000000
__Lspace_2               (abs)        000000
__Lspace_4               (abs)        000000
__Lstack                 stack        000000
__Lstruct                struct       000000
__Ltemp                  temp         00005F
__Ltext                  text         000000
__Ltext0                 text0        000000
__Ltext1                 text1        000000
__Ltext10                text10       000000
__Ltext11                text11       000000
__Ltext12                text12       000000
__Ltext13                text13       000000
__Ltext14                text14       000000
__Ltext15                text15       000000
__Ltext16                text16       000000
__Ltext18                text18       000000
__Ltext19                text19       000000
__Ltext2                 text2        000000
__Ltext20                text20       000000
__Ltext3                 text3        000000
__Ltext4                 text4        000000
__Ltext5                 text5        000000
__Ltext6                 text6        000000
__Ltext7                 text7        000000
__Ltext8                 text8        000000
__Ltext9                 text9        000000
__S0                     (abs)        00143E
__S1                     (abs)        0000B6
__S4                     (abs)        000000
__S5                     (abs)        000000
___awdiv                 text15       000E86
___awdiv@counter         cstackCOMRAM 000042
___awdiv@dividend        cstackCOMRAM 00003E
___awdiv@divisor         cstackCOMRAM 000040
___awdiv@quotient        cstackCOMRAM 000044
___awdiv@sign            cstackCOMRAM 000043
___awmod                 text14       000FFC
___awmod@counter         cstackCOMRAM 00004A
___awmod@dividend        cstackCOMRAM 000046
___awmod@divisor         cstackCOMRAM 000048
___awmod@sign            cstackCOMRAM 00004B
___heap_hi               (abs)        000000
___heap_lo               (abs)        000000
___inthi_sp              stack        000000
___intlo_sp              stack        000000
___param_bank            (abs)        000000
___rparam_used           (abs)        000001
___sp                    stack        000000
__accesstop              (abs)        000080
__activetblptr           (abs)        000002
__end_of_ISR             intcode_body 0013EE
__end_of_KernelClock     text18       001294
__end_of___awdiv         text15       000F4A
__end_of___awmod         text14       0010AC
__end_of__initialization cinit        0012E0
__end_of_countTime       text5        000E86
__end_of_digitalWrite    text11       000AAE
__end_of_initPORTAD      text8        001430
__end_of_kernelAddProc   text12       001200
__end_of_kernelInit      text16       001410
__end_of_kernelLoop      text4        000C6E
__end_of_main            text0        000FFC
__end_of_pinMode         text3        000860
__end_of_ssdDigit        text13       001346
__end_of_ssdInit         text2        00139C
__end_of_ssdUpdate       text10       000DAA
__end_of_timerInit       text1        001418
__end_of_toggle4F        text7        001428
__end_of_toggle4L        text6        001420
__end_of_updateSSD       text9        001438
__end_of_valor@ssd$F533  smallconst   000611
__end_ofi2___awmod       text19       00115C
__initialization         cinit        001294
__mediumconst            mediumconst  000000
__pbssCOMRAM             bssCOMRAM    000001
__pcinit                 cinit        001294
__pcstackBANK0           cstackBANK0  000080
__pcstackCOMRAM          cstackCOMRAM 00002F
__pdataBANK0             dataBANK0    00009E
__pdataCOMRAM            dataCOMRAM   000059
__pidataBANK0            idataBANK0   0013EE
__pidataCOMRAM           idataCOMRAM  001438
__pintcode               intcode      000008
__pintcode_body          intcode_body 00139C
__psmallconst            smallconst   000600
__ptext0                 text0        000F4A
__ptext1                 text1        001410
__ptext10                text10       000C6E
__ptext11                text11       000860
__ptext12                text12       00115C
__ptext13                text13       0012EE
__ptext14                text14       000FFC
__ptext15                text15       000E86
__ptext16                text16       001406
__ptext18                text18       001200
__ptext19                text19       0010AC
__ptext2                 text2        001346
__ptext20                text20       000000
__ptext3                 text3        000612
__ptext4                 text4        000AAE
__ptext5                 text5        000DAA
__ptext6                 text6        001418
__ptext7                 text7        001420
__ptext8                 text8        001428
__ptext9                 text9        001430
__ramtop                 ramtop       000600
__smallconst             smallconst   000600
_changePORTD             (abs)        000000
_countTime               text5        000DAA
_digitalWrite            text11       000860
_display                 bssCOMRAM    000021
_end                     bssCOMRAM    000024
_initGenerico            (abs)        000000
_initPORTAD              text8        001428
_inverte                 (abs)        000000
_kernelAddProc           text12       00115C
_kernelInit              text16       001406
_kernelLoop              text4        000AAE
_main                    text0        000F4A
_my_funcs                bssCOMRAM    00002B
_myself                  bssCOMRAM    000026
_pinMode                 text3        000612
_pool                    bssCOMRAM    000001
_ssdDigit                text13       0012EE
_ssdInit                 text2        001346
_ssdUpdate               text10       000C6E
_start                   bssCOMRAM    000025
_started                 bssCOMRAM    000022
_timerInit               text1        001410
_toggle4F                text7        001420
_toggle4L                text6        001418
_updateSSD               text9        001430
_v0                      bssCOMRAM    000020
_v1                      bssCOMRAM    00001F
_v2                      bssCOMRAM    00001E
_v3                      bssCOMRAM    00001D
_valor                   bssCOMRAM    00001B
_valor@keypad$F311       bssCOMRAM    000019
_valor@ssd$F533          smallconst   000601
btemp                    temp         00005F
countTime@dig            cstackCOMRAM 00004C
digitalWrite@pin         cstackCOMRAM 00003E
digitalWrite@value       cstackCOMRAM 000040
end_of_initialization    cinit        0012E0
i2___awmod               text19       0010AC
i2___awmod@counter       cstackCOMRAM 000033
i2___awmod@dividend      cstackCOMRAM 00002F
i2___awmod@divisor       cstackCOMRAM 000031
i2___awmod@sign          cstackCOMRAM 000034
int$flags                temp         00005F
int_func                 intcode_body 00139C
intlevel0                text         000000
intlevel1                text         000000
intlevel2                text         000000
intlevel3                text         000000
isa$std                  (abs)        000001
isa$xinst                (abs)        000000
kernelAddProc@newProc    cstackCOMRAM 00004C
kernelLoop@next          cstackCOMRAM 000057
kernelLoop@p             cstackCOMRAM 000058
kernelLoop@tempProc      cstackCOMRAM 000055
kpDebounce@tempo         bssCOMRAM    000023
kpDebounce@valorAntigo   bssCOMRAM    000015
kpDebounce@valorNovo     bssCOMRAM    000017
main@F2404               dataCOMRAM   000059
main@F2407               dataBANK0    0000B0
main@F2410               dataBANK0    0000AA
main@F2413               dataBANK0    0000A4
main@F2416               dataBANK0    00009E
main@ProcLedF            cstackBANK0  000086
main@ProcLedL            cstackBANK0  00008C
main@SSDUpdate_proc      cstackBANK0  000092
main@countTime_proc      cstackBANK0  000098
main@init_PD             cstackBANK0  000080
pinMode@pin              cstackCOMRAM 00003E
pinMode@type             cstackCOMRAM 000040
ssdDigit@pos             cstackCOMRAM 00003E
ssdDigit@val             cstackCOMRAM 00003F
stackhi                  (abs)        000000
stacklo                  (abs)        000000
start                    init         00000E
start_initialization     cinit        001294
ttemp5                   temp         000060
ttemp6                   temp         000063
ttemp7                   temp         000067
wtemp8                   temp         000060


MODULE INFORMATION

Module		Function		Class		Link	Load	Size
ssd.c
		_ssdInit       		CODE           	1346	0000	86
		_ssdDigit      		CODE           	12EE	0000	88
		_ssdUpdate     		CODE           	0C6E	0000	316

ssd.c estimated size: 490

C:\Program Files\Microchip\xc8\v2.40\pic\sources\c90\common\awdiv.c
		___awdiv       		CODE           	0E86	0000	196

C:\Program Files\Microchip\xc8\v2.40\pic\sources\c90\common\awdiv.c estimated size: 196

io.c
		_digitalWrite  		CODE           	0860	0000	590
		_pinMode       		CODE           	0612	0000	590

io.c estimated size: 1180

timer.c
		_timerInit     		CODE           	1410	0000	8

timer.c estimated size: 8

kernel.c
		_KernelClock   		CODE           	1200	0000	148
		_kernelAddProc 		CODE           	115C	0000	164
		_kernelInit    		CODE           	1406	0000	10
		_kernelLoop    		CODE           	0AAE	0000	448

kernel.c estimated size: 770

shared
		_valor@ssd$F533		SMALLCONST     	0601	0000	16
		__initialization		CODE           	1294	0000	76
		i2___awmod     		CODE           	10AC	0000	176

shared estimated size: 268

C:\Program Files\Microchip\xc8\v2.40\pic\sources\c90\common\awmod.c
		___awmod       		CODE           	0FFC	0000	176

C:\Program Files\Microchip\xc8\v2.40\pic\sources\c90\common\awmod.c estimated size: 176

main.c
		_toggle4F      		CODE           	1420	0000	8
		_toggle4L      		CODE           	1418	0000	8
		_countTime     		CODE           	0DAA	0000	220
		_ISR           		CODE           	0008	0000	88
		_updateSSD     		CODE           	1430	0000	8
		_main          		CODE           	0F4A	0000	178
		_initPORTAD    		CODE           	1428	0000	8

main.c estimated size: 518

